

0  :
      [^\000\n $'->@-[\]-_a-z] :    27
                           ' ' :     2
                           '$' :    19
                          '\'' :    21
               [(-\-/;=@[\]\^] :    22
                           '.' :    24
                         [0-9] :    18
                           ':' :    23
                           '<' :    25
                           '>' :    26
                          [Aa] :    12
                          [Bb] :    15
                          [Cc] :     4
                          [Dd] :    13
                          [Ee] :     7
                          [Ff] :    17
         [G-KQUVX-Z_g-kquvx-z] :    20
                          [Ll] :     6
                          [Mm] :    14
                          [Nn] :    10
                          [Oo] :    11
                          [Pp] :    16
                          [Rr] :     8
                          [Ss] :     3
                          [Tt] :     5
                          [Ww] :     9

1  :
      [^\000\n $'->@-[\]-_a-z] :    27
                           ' ' :     2
                           '$' :    19
                          '\'' :    21
               [(-\-/;=@[\]\^] :    22
                           '.' :    24
                         [0-9] :    18
                           ':' :    23
                           '<' :    25
                           '>' :    26
                          [Aa] :    12
                          [Bb] :    15
                          [Cc] :     4
                          [Dd] :    13
                          [Ee] :     7
                          [Ff] :    17
         [G-KQUVX-Z_g-kquvx-z] :    20
                          [Ll] :     6
                          [Mm] :    14
                          [Nn] :    10
                          [Oo] :    11
                          [Pp] :    16
                          [Rr] :     8
                          [Ss] :     3
                          [Tt] :     5
                          [Ww] :     9

2* :     1    53

3* :    44    53
      [0-9A-HJ-PR-Z_a-hj-pr-z] :    30
                          [Ii] :    28
                          [Qq] :    29

4* :    44    53
  [0-9A-GI-KMNP-Z_a-gi-kmnp-z] :    30
                          [Hh] :    32
                          [Ll] :    33
                          [Oo] :    31

5* :    44    53
            [0-9B-QS-Z_b-qs-z] :    30
                          [Aa] :    34
                          [Rr] :    35

6* :    44    53
      [0-9A-DF-MO-Z_a-df-mo-z] :    30
                          [Ee] :    37
                          [Nn] :    36

7* :    44    53
        [0-9A-NP-WYZ_a-np-wyz] :    30
                          [Oo] :    39
                          [Xx] :    38

8* :    44    53
            [0-9B-DF-Z_b-df-z] :    30
                          [Aa] :    40
                          [Ee] :    41

9* :    44    53
            [0-9A-QS-Z_a-qs-z] :    30
                          [Rr] :    42

10* :    44    53
[0-9A-DF-HJ-NP-Z_a-df-hj-np-z] :    30
                          [Ee] :    44
                          [Ii] :    45
                          [Oo] :    43

11* :    44    53
            [0-9A-QS-Z_a-qs-z] :    30
                          [Rr] :    46

12* :    44    53
    [0-9AC-MOQRT-Z_ac-moqrt-z] :    30
                          [Bb] :    48
                          [Nn] :    47
                          [Pp] :    50
                          [Ss] :    49

13* :    44    53
            [0-9A-HJ-Z_a-hj-z] :    30
                          [Ii] :    51

14* :    44    53
            [0-9A-NP-Z_a-np-z] :    30
                          [Oo] :    52

15* :    44    53
            [0-9A-QS-Z_a-qs-z] :    30
                          [Rr] :    53

16* :    44    53
            [0-9A-HJ-Z_a-hj-z] :    30
                          [Ii] :    54

17* :    44    53
                  [0-9B-Z_b-z] :    30
                          [Aa] :    55

18* :    41    42    53
                           '.' :    57
                         [0-9] :    56
                          [Ee] :    58

19* :    53
                   [0-9A-Fa-f] :    59

20* :    44    53
                  [0-9A-Z_a-z] :    30

21* :    53
                      [^\000'] :    60
                          '\'' :    61

22* :    46    53

23* :    46    53
                           '=' :    62

24* :    46    53
                           '.' :    63

25* :    49    53
                           '=' :    64
                           '>' :    65

26* :    49    53
                           '=' :    66

27* :    53

28* :    44
            [0-9A-MO-Z_a-mo-z] :    30
                          [Nn] :    67

29* :    44
            [0-9A-QS-Z_a-qs-z] :    30
                          [Rr] :    68

30* :    44
                  [0-9A-Z_a-z] :    30

31* :    44
      [0-9A-MO-RU-Z_a-mo-ru-z] :    30
                          [Nn] :    71
                          [Ss] :    69
                          [Tt] :    70

32* :    44
            [0-9A-QS-Z_a-qs-z] :    30
                          [Rr] :    72

33* :    44
            [0-9A-NP-Z_a-np-z] :    30
                          [Oo] :    73

34* :    44
            [0-9A-MO-Z_a-mo-z] :    30
                          [Nn] :    74

35* :    44
            [0-9A-TV-Z_a-tv-z] :    30
                          [Uu] :    75

36* :     6    44
                  [0-9A-Z_a-z] :    30

37* :    44
            [0-9A-MO-Z_a-mo-z] :    30
                          [Nn] :    76

38* :    44
      [0-9A-HJ-OQ-Z_a-hj-oq-z] :    30
                          [Ii] :    78
                          [Pp] :    77

39* :    44
      [0-9A-EG-KM-Z_a-eg-km-z] :    30
                          [Ff] :    79
                          [Ll] :    80

40* :    44
            [0-9A-MO-Z_a-mo-z] :    30
                          [Nn] :    81

41* :    44
      [0-9B-RT-VX-Z_b-rt-vx-z] :    30
                          [Aa] :    82
                          [Ss] :    83
                          [Ww] :    84

42* :    44
            [0-9A-HJ-Z_a-hj-z] :    30
                          [Ii] :    85

43* :    44
            [0-9A-SU-Z_a-su-z] :    30
                          [Tt] :    86

44* :    44
            [0-9A-VX-Z_a-vx-z] :    30
                          [Ww] :    87

45* :    44
            [0-9A-KM-Z_a-km-z] :    30
                          [Ll] :    88

46* :    16    44
            [0-9A-CE-Z_a-ce-z] :    30
                          [Dd] :    89

47* :    44
            [0-9A-CE-Z_a-ce-z] :    30
                          [Dd] :    90

48* :    44
            [0-9A-RT-Z_a-rt-z] :    30
                          [Ss] :    91

49* :    44
            [0-9A-RT-Z_a-rt-z] :    30
                          [Ss] :    92

50* :    44
            [0-9A-OQ-Z_a-oq-z] :    30
                          [Pp] :    93

51* :    44
        [0-9A-RTUW-Z_a-rtuw-z] :    30
                          [Ss] :    95
                          [Vv] :    94

52* :    44
            [0-9A-CE-Z_a-ce-z] :    30
                          [Dd] :    96

53* :    44
            [0-9A-DF-Z_a-df-z] :    30
                          [Ee] :    97

54* :    35    44
                  [0-9A-Z_a-z] :    30

55* :    44
            [0-9A-KM-Z_a-km-z] :    30
                          [Ll] :    98

56* :    41    42
                           '.' :    57
                         [0-9] :    56
                          [Ee] :    58

57  :
                         [0-9] :    99

58  :
                         [+\-] :   100
                         [0-9] :   101

59* :    43
                   [0-9A-Fa-f] :    59

60  :
                      [^\000'] :    60
                          '\'' :    61

61* :    45

62* :    47

63* :    48

64* :    51

65* :    52

66* :    50

67* :     2    44
                  [0-9A-Z_a-z] :    30

68* :     8    44
            [0-9A-SU-Z_a-su-z] :    30
                          [Tt] :   102

69* :     3    44
                  [0-9A-Z_a-z] :    30

70* :    44
                  [0-9B-Z_b-z] :    30
                          [Aa] :   103

71* :    44
            [0-9A-SU-Z_a-su-z] :    30
                          [Tt] :   104

72* :    23    44
                  [0-9A-Z_a-z] :    30

73* :    44
            [0-9A-RT-Z_a-rt-z] :    30
                          [Ss] :   105

74* :     4    44
                  [0-9A-Z_a-z] :    30

75* :    44
      [0-9A-DF-MO-Z_a-df-mo-z] :    30
                          [Ee] :   107
                          [Nn] :   106

76* :    44
            [0-9A-FH-Z_a-fh-z] :    30
                          [Gg] :   108

77* :     7    44
                  [0-9A-Z_a-z] :    30

78* :    44
            [0-9A-SU-Z_a-su-z] :    30
                          [Tt] :   109

79* :    33    44
                  [0-9A-Z_a-z] :    30

80* :    44
            [0-9A-MO-Z_a-mo-z] :    30
                          [Nn] :   110

81* :    44
            [0-9A-CE-Z_a-ce-z] :    30
                          [Dd] :   111

82* :    44
            [0-9A-CE-Z_a-ce-z] :    30
                          [Dd] :   112

83* :    44
            [0-9A-DF-Z_a-df-z] :    30
                          [Ee] :   113

84* :    44
            [0-9A-QS-Z_a-qs-z] :    30
                          [Rr] :   114

85* :    44
            [0-9A-SU-Z_a-su-z] :    30
                          [Tt] :   115

86* :    15    44
                  [0-9A-Z_a-z] :    30

87* :    37    44
                  [0-9A-Z_a-z] :    30

88* :    38    44
                  [0-9A-Z_a-z] :    30

89* :    22    44
                  [0-9A-Z_a-z] :    30

90* :    17    44
                  [0-9A-Z_a-z] :    30

91* :    18    44
                  [0-9A-Z_a-z] :    30

92* :    44
            [0-9A-HJ-Z_a-hj-z] :    30
                          [Ii] :   116

93* :    44
            [0-9A-DF-Z_a-df-z] :    30
                          [Ee] :   117

94* :    21    44
                  [0-9A-Z_a-z] :    30

95* :    44
            [0-9A-OQ-Z_a-oq-z] :    30
                          [Pp] :   118

96* :    24    44
                  [0-9A-Z_a-z] :    30

97* :    44
                  [0-9B-Z_b-z] :    30
                          [Aa] :   119

98* :    44
            [0-9A-RT-Z_a-rt-z] :    30
                          [Ss] :   120

99* :    42
                         [0-9] :    99
                          [Ee] :    58

100  :
                         [0-9] :   101

101* :    42
                         [0-9] :   101

102* :    20    44
                  [0-9A-Z_a-z] :    30

103* :    44
            [0-9A-MO-Z_a-mo-z] :    30
                          [Nn] :   121

104* :    44
            [0-9A-HJ-Z_a-hj-z] :    30
                          [Ii] :   122

105* :    44
            [0-9A-DF-Z_a-df-z] :    30
                          [Ee] :   123

106* :    44
              [0-9ABD-Z_abd-z] :    30
                          [Cc] :   124

107* :    39    44
                  [0-9A-Z_a-z] :    30

108* :    44
            [0-9A-SU-Z_a-su-z] :    30
                          [Tt] :   125

109* :    27    44
                  [0-9A-Z_a-z] :    30

110* :    34    44
                  [0-9A-Z_a-z] :    30

111* :    44
            [0-9A-NP-Z_a-np-z] :    30
                          [Oo] :   126

112* :    14    44
            [0-9A-KM-Z_a-km-z] :    30
                          [Ll] :   127

113* :    44
            [0-9A-SU-Z_a-su-z] :    30
                          [Tt] :   128

114* :    44
            [0-9A-HJ-Z_a-hj-z] :    30
                          [Ii] :   129

115* :    44
            [0-9A-DF-Z_a-df-z] :    30
                          [Ee] :   130

116* :    44
            [0-9A-FH-Z_a-fh-z] :    30
                          [Gg] :   131

117* :    44
            [0-9A-MO-Z_a-mo-z] :    30
                          [Nn] :   132

118* :    44
            [0-9A-NP-Z_a-np-z] :    30
                          [Oo] :   133

119* :    44
            [0-9A-JL-Z_a-jl-z] :    30
                          [Kk] :   134

120* :    44
            [0-9A-DF-Z_a-df-z] :    30
                          [Ee] :   135

121* :     5    44
                  [0-9A-Z_a-z] :    30

122* :    44
            [0-9A-MO-Z_a-mo-z] :    30
                          [Nn] :   136

123* :    32    44
                  [0-9A-Z_a-z] :    30

124* :    10    44
                  [0-9A-Z_a-z] :    30

125* :    44
            [0-9A-GI-Z_a-gi-z] :    30
                          [Hh] :   137

126* :    44
            [0-9A-LN-Z_a-ln-z] :    30
                          [Mm] :   138

127* :    44
            [0-9A-MO-Z_a-mo-z] :    30
                          [Nn] :   139

128* :    29    44
                  [0-9A-Z_a-z] :    30

129* :    44
            [0-9A-SU-Z_a-su-z] :    30
                          [Tt] :   140

130* :    13    44
            [0-9A-KM-Z_a-km-z] :    30
                          [Ll] :   141

131* :    44
            [0-9A-MO-Z_a-mo-z] :    30
                          [Nn] :   142

132* :    44
            [0-9A-CE-Z_a-ce-z] :    30
                          [Dd] :   143

133* :    44
            [0-9A-RT-Z_a-rt-z] :    30
                          [Ss] :   144

134* :    25    44
                  [0-9A-Z_a-z] :    30

135* :    40    44
                  [0-9A-Z_a-z] :    30

136* :    44
            [0-9A-TV-Z_a-tv-z] :    30
                          [Uu] :   145

137* :    19    44
                  [0-9A-Z_a-z] :    30

138* :     9    44
                  [0-9A-Z_a-z] :    30

139* :    12    44
                  [0-9A-Z_a-z] :    30

140* :    44
            [0-9A-DF-Z_a-df-z] :    30
                          [Ee] :   146

141* :    44
            [0-9A-MO-Z_a-mo-z] :    30
                          [Nn] :   147

142* :    28    44
                  [0-9A-Z_a-z] :    30

143* :    31    44
                  [0-9A-Z_a-z] :    30

144* :    44
            [0-9A-DF-Z_a-df-z] :    30
                          [Ee] :   148

145* :    44
            [0-9A-DF-Z_a-df-z] :    30
                          [Ee] :   149

146* :    30    44
                  [0-9A-Z_a-z] :    30

147* :    11    44
                  [0-9A-Z_a-z] :    30

148* :    36    44
                  [0-9A-Z_a-z] :    30

149* :    26    44
                  [0-9A-Z_a-z] :    30
