

0  :
      [^\000\n $'->@-[\]-_a-z] :    27
                           ' ' :     2
                           '$' :    19
                          '\'' :    21
               [(-\-/;=@[\]\^] :    22
                           '.' :    24
                         [0-9] :    18
                           ':' :    23
                           '<' :    25
                           '>' :    26
                          [Aa] :    12
                          [Bb] :    15
                          [Cc] :     4
                          [Dd] :    13
                          [Ee] :     7
                          [Ff] :    17
         [G-KQUVX-Z_g-kquvx-z] :    20
                          [Ll] :     6
                          [Mm] :    14
                          [Nn] :    10
                          [Oo] :    11
                          [Pp] :    16
                          [Rr] :     8
                          [Ss] :     3
                          [Tt] :     5
                          [Ww] :     9

1  :
      [^\000\n $'->@-[\]-_a-z] :    27
                           ' ' :     2
                           '$' :    19
                          '\'' :    21
               [(-\-/;=@[\]\^] :    22
                           '.' :    24
                         [0-9] :    18
                           ':' :    23
                           '<' :    25
                           '>' :    26
                          [Aa] :    12
                          [Bb] :    15
                          [Cc] :     4
                          [Dd] :    13
                          [Ee] :     7
                          [Ff] :    17
         [G-KQUVX-Z_g-kquvx-z] :    20
                          [Ll] :     6
                          [Mm] :    14
                          [Nn] :    10
                          [Oo] :    11
                          [Pp] :    16
                          [Rr] :     8
                          [Ss] :     3
                          [Tt] :     5
                          [Ww] :     9

2* :     1    54

3* :    45    54
[0-9A-DF-HJ-PR-Z_a-df-hj-pr-z] :    31
                          [Ee] :    30
                          [Ii] :    28
                          [Qq] :    29

4* :    45    54
  [0-9A-GI-KMNP-Z_a-gi-kmnp-z] :    31
                          [Hh] :    33
                          [Ll] :    34
                          [Oo] :    32

5* :    45    54
            [0-9B-QS-Z_b-qs-z] :    31
                          [Aa] :    35
                          [Rr] :    36

6* :    45    54
      [0-9A-DF-MO-Z_a-df-mo-z] :    31
                          [Ee] :    38
                          [Nn] :    37

7* :    45    54
        [0-9A-NP-WYZ_a-np-wyz] :    31
                          [Oo] :    40
                          [Xx] :    39

8* :    45    54
            [0-9B-DF-Z_b-df-z] :    31
                          [Aa] :    41
                          [Ee] :    42

9* :    45    54
            [0-9A-QS-Z_a-qs-z] :    31
                          [Rr] :    43

10* :    45    54
[0-9A-DF-HJ-NP-Z_a-df-hj-np-z] :    31
                          [Ee] :    45
                          [Ii] :    46
                          [Oo] :    44

11* :    45    54
            [0-9A-QS-Z_a-qs-z] :    31
                          [Rr] :    47

12* :    45    54
    [0-9AC-MOQRT-Z_ac-moqrt-z] :    31
                          [Bb] :    49
                          [Nn] :    48
                          [Pp] :    51
                          [Ss] :    50

13* :    45    54
            [0-9A-HJ-Z_a-hj-z] :    31
                          [Ii] :    52

14* :    45    54
            [0-9A-NP-Z_a-np-z] :    31
                          [Oo] :    53

15* :    45    54
            [0-9A-QS-Z_a-qs-z] :    31
                          [Rr] :    54

16* :    45    54
            [0-9A-HJ-Z_a-hj-z] :    31
                          [Ii] :    55

17* :    45    54
                  [0-9B-Z_b-z] :    31
                          [Aa] :    56

18* :    42    43    54
                           '.' :    58
                         [0-9] :    57
                          [Ee] :    59

19* :    54
                   [0-9A-Fa-f] :    60

20* :    45    54
                  [0-9A-Z_a-z] :    31

21* :    54
                      [^\000'] :    61
                          '\'' :    62

22* :    47    54

23* :    47    54
                           '=' :    63

24* :    47    54
                           '.' :    64

25* :    50    54
                           '=' :    65
                           '>' :    66

26* :    50    54
                           '=' :    67

27* :    54

28* :    45
            [0-9A-MO-Z_a-mo-z] :    31
                          [Nn] :    68

29* :    45
            [0-9A-QS-Z_a-qs-z] :    31
                          [Rr] :    69

30* :    45
            [0-9A-SU-Z_a-su-z] :    31
                          [Tt] :    70

31* :    45
                  [0-9A-Z_a-z] :    31

32* :    45
      [0-9A-MO-RU-Z_a-mo-ru-z] :    31
                          [Nn] :    73
                          [Ss] :    71
                          [Tt] :    72

33* :    45
            [0-9A-QS-Z_a-qs-z] :    31
                          [Rr] :    74

34* :    45
            [0-9A-NP-Z_a-np-z] :    31
                          [Oo] :    75

35* :    45
            [0-9A-MO-Z_a-mo-z] :    31
                          [Nn] :    76

36* :    45
            [0-9A-TV-Z_a-tv-z] :    31
                          [Uu] :    77

37* :     6    45
                  [0-9A-Z_a-z] :    31

38* :    45
            [0-9A-MO-Z_a-mo-z] :    31
                          [Nn] :    78

39* :    45
      [0-9A-HJ-OQ-Z_a-hj-oq-z] :    31
                          [Ii] :    80
                          [Pp] :    79

40* :    45
      [0-9A-EG-KM-Z_a-eg-km-z] :    31
                          [Ff] :    81
                          [Ll] :    82

41* :    45
            [0-9A-MO-Z_a-mo-z] :    31
                          [Nn] :    83

42* :    45
      [0-9B-RT-VX-Z_b-rt-vx-z] :    31
                          [Aa] :    84
                          [Ss] :    85
                          [Ww] :    86

43* :    45
            [0-9A-HJ-Z_a-hj-z] :    31
                          [Ii] :    87

44* :    45
            [0-9A-SU-Z_a-su-z] :    31
                          [Tt] :    88

45* :    45
            [0-9A-VX-Z_a-vx-z] :    31
                          [Ww] :    89

46* :    45
            [0-9A-KM-Z_a-km-z] :    31
                          [Ll] :    90

47* :    16    45
            [0-9A-CE-Z_a-ce-z] :    31
                          [Dd] :    91

48* :    45
            [0-9A-CE-Z_a-ce-z] :    31
                          [Dd] :    92

49* :    45
            [0-9A-RT-Z_a-rt-z] :    31
                          [Ss] :    93

50* :    45
            [0-9A-RT-Z_a-rt-z] :    31
                          [Ss] :    94

51* :    45
            [0-9A-OQ-Z_a-oq-z] :    31
                          [Pp] :    95

52* :    45
        [0-9A-RTUW-Z_a-rtuw-z] :    31
                          [Ss] :    97
                          [Vv] :    96

53* :    45
            [0-9A-CE-Z_a-ce-z] :    31
                          [Dd] :    98

54* :    45
            [0-9A-DF-Z_a-df-z] :    31
                          [Ee] :    99

55* :    36    45
                  [0-9A-Z_a-z] :    31

56* :    45
            [0-9A-KM-Z_a-km-z] :    31
                          [Ll] :   100

57* :    42    43
                           '.' :    58
                         [0-9] :    57
                          [Ee] :    59

58  :
                         [0-9] :   101

59  :
                         [+\-] :   102
                         [0-9] :   103

60* :    44
                   [0-9A-Fa-f] :    60

61  :
                      [^\000'] :    61
                          '\'' :    62

62* :    46

63* :    48

64* :    49

65* :    52

66* :    53

67* :    51

68* :     2    45
                  [0-9A-Z_a-z] :    31

69* :     8    45
            [0-9A-SU-Z_a-su-z] :    31
                          [Tt] :   104

70* :    45
            [0-9A-KM-Z_a-km-z] :    31
                          [Ll] :   105

71* :     3    45
                  [0-9A-Z_a-z] :    31

72* :    45
                  [0-9B-Z_b-z] :    31
                          [Aa] :   106

73* :    45
            [0-9A-SU-Z_a-su-z] :    31
                          [Tt] :   107

74* :    23    45
                  [0-9A-Z_a-z] :    31

75* :    45
            [0-9A-RT-Z_a-rt-z] :    31
                          [Ss] :   108

76* :     4    45
                  [0-9A-Z_a-z] :    31

77* :    45
      [0-9A-DF-MO-Z_a-df-mo-z] :    31
                          [Ee] :   110
                          [Nn] :   109

78* :    45
            [0-9A-FH-Z_a-fh-z] :    31
                          [Gg] :   111

79* :     7    45
                  [0-9A-Z_a-z] :    31

80* :    45
            [0-9A-SU-Z_a-su-z] :    31
                          [Tt] :   112

81* :    33    45
                  [0-9A-Z_a-z] :    31

82* :    45
            [0-9A-MO-Z_a-mo-z] :    31
                          [Nn] :   113

83* :    45
            [0-9A-CE-Z_a-ce-z] :    31
                          [Dd] :   114

84* :    45
            [0-9A-CE-Z_a-ce-z] :    31
                          [Dd] :   115

85* :    45
            [0-9A-DF-Z_a-df-z] :    31
                          [Ee] :   116

86* :    45
            [0-9A-QS-Z_a-qs-z] :    31
                          [Rr] :   117

87* :    45
            [0-9A-SU-Z_a-su-z] :    31
                          [Tt] :   118

88* :    15    45
                  [0-9A-Z_a-z] :    31

89* :    38    45
                  [0-9A-Z_a-z] :    31

90* :    39    45
                  [0-9A-Z_a-z] :    31

91* :    22    45
                  [0-9A-Z_a-z] :    31

92* :    17    45
                  [0-9A-Z_a-z] :    31

93* :    18    45
                  [0-9A-Z_a-z] :    31

94* :    45
            [0-9A-HJ-Z_a-hj-z] :    31
                          [Ii] :   119

95* :    45
            [0-9A-DF-Z_a-df-z] :    31
                          [Ee] :   120

96* :    21    45
                  [0-9A-Z_a-z] :    31

97* :    45
            [0-9A-OQ-Z_a-oq-z] :    31
                          [Pp] :   121

98* :    24    45
                  [0-9A-Z_a-z] :    31

99* :    45
                  [0-9B-Z_b-z] :    31
                          [Aa] :   122

100* :    45
            [0-9A-RT-Z_a-rt-z] :    31
                          [Ss] :   123

101* :    43
                         [0-9] :   101
                          [Ee] :    59

102  :
                         [0-9] :   103

103* :    43
                         [0-9] :   103

104* :    20    45
                  [0-9A-Z_a-z] :    31

105* :    45
            [0-9A-DF-Z_a-df-z] :    31
                          [Ee] :   124

106* :    45
            [0-9A-MO-Z_a-mo-z] :    31
                          [Nn] :   125

107* :    45
            [0-9A-HJ-Z_a-hj-z] :    31
                          [Ii] :   126

108* :    45
            [0-9A-DF-Z_a-df-z] :    31
                          [Ee] :   127

109* :    45
              [0-9ABD-Z_abd-z] :    31
                          [Cc] :   128

110* :    40    45
                  [0-9A-Z_a-z] :    31

111* :    45
            [0-9A-SU-Z_a-su-z] :    31
                          [Tt] :   129

112* :    27    45
                  [0-9A-Z_a-z] :    31

113* :    34    45
                  [0-9A-Z_a-z] :    31

114* :    45
            [0-9A-NP-Z_a-np-z] :    31
                          [Oo] :   130

115* :    14    45
            [0-9A-KM-Z_a-km-z] :    31
                          [Ll] :   131

116* :    45
            [0-9A-SU-Z_a-su-z] :    31
                          [Tt] :   132

117* :    45
            [0-9A-HJ-Z_a-hj-z] :    31
                          [Ii] :   133

118* :    45
            [0-9A-DF-Z_a-df-z] :    31
                          [Ee] :   134

119* :    45
            [0-9A-FH-Z_a-fh-z] :    31
                          [Gg] :   135

120* :    45
            [0-9A-MO-Z_a-mo-z] :    31
                          [Nn] :   136

121* :    45
            [0-9A-NP-Z_a-np-z] :    31
                          [Oo] :   137

122* :    45
            [0-9A-JL-Z_a-jl-z] :    31
                          [Kk] :   138

123* :    45
            [0-9A-DF-Z_a-df-z] :    31
                          [Ee] :   139

124* :    45
            [0-9A-MO-Z_a-mo-z] :    31
                          [Nn] :   140

125* :     5    45
                  [0-9A-Z_a-z] :    31

126* :    45
            [0-9A-MO-Z_a-mo-z] :    31
                          [Nn] :   141

127* :    32    45
                  [0-9A-Z_a-z] :    31

128* :    10    45
                  [0-9A-Z_a-z] :    31

129* :    45
            [0-9A-GI-Z_a-gi-z] :    31
                          [Hh] :   142

130* :    45
            [0-9A-LN-Z_a-ln-z] :    31
                          [Mm] :   143

131* :    45
            [0-9A-MO-Z_a-mo-z] :    31
                          [Nn] :   144

132* :    29    45
                  [0-9A-Z_a-z] :    31

133* :    45
            [0-9A-SU-Z_a-su-z] :    31
                          [Tt] :   145

134* :    13    45
            [0-9A-KM-Z_a-km-z] :    31
                          [Ll] :   146

135* :    45
            [0-9A-MO-Z_a-mo-z] :    31
                          [Nn] :   147

136* :    45
            [0-9A-CE-Z_a-ce-z] :    31
                          [Dd] :   148

137* :    45
            [0-9A-RT-Z_a-rt-z] :    31
                          [Ss] :   149

138* :    25    45
                  [0-9A-Z_a-z] :    31

139* :    41    45
                  [0-9A-Z_a-z] :    31

140* :    45
            [0-9A-FH-Z_a-fh-z] :    31
                          [Gg] :   150

141* :    45
            [0-9A-TV-Z_a-tv-z] :    31
                          [Uu] :   151

142* :    19    45
                  [0-9A-Z_a-z] :    31

143* :     9    45
                  [0-9A-Z_a-z] :    31

144* :    12    45
                  [0-9A-Z_a-z] :    31

145* :    45
            [0-9A-DF-Z_a-df-z] :    31
                          [Ee] :   152

146* :    45
            [0-9A-MO-Z_a-mo-z] :    31
                          [Nn] :   153

147* :    28    45
                  [0-9A-Z_a-z] :    31

148* :    31    45
                  [0-9A-Z_a-z] :    31

149* :    45
            [0-9A-DF-Z_a-df-z] :    31
                          [Ee] :   154

150* :    45
            [0-9A-SU-Z_a-su-z] :    31
                          [Tt] :   155

151* :    45
            [0-9A-DF-Z_a-df-z] :    31
                          [Ee] :   156

152* :    30    45
                  [0-9A-Z_a-z] :    31

153* :    11    45
                  [0-9A-Z_a-z] :    31

154* :    37    45
                  [0-9A-Z_a-z] :    31

155* :    45
            [0-9A-GI-Z_a-gi-z] :    31
                          [Hh] :   157

156* :    26    45
                  [0-9A-Z_a-z] :    31

157* :    35    45
                  [0-9A-Z_a-z] :    31
